../Core/Src/main.c:74:6:UART_Print	16	static
../Core/Src/main.c:80:7:IIR_Filter	24	static
../Core/Src/main.c:85:5:main	24	static
../Core/Src/main.c:150:6:Auto_Calibrate_Surface_Pressure	16	static
../Core/Src/main.c:173:6:Read_Pressure_Sensor	8	static
../Core/Src/main.c:181:6:Read_Temperature_Sensor	8	static
../Core/Src/main.c:192:7:Calculate_Pressure_Pa	32	static
../Core/Src/main.c:206:7:Calculate_Temperature	24	static
../Core/Src/main.c:217:7:Calculate_Depth	32	static
../Core/Src/main.c:237:6:Send_Data_To_UART	176	static
../Core/Src/main.c:250:6:SystemClock_Config	88	static
../Core/Src/main.c:285:13:MX_ADC1_Init	24	static
../Core/Src/main.c:304:13:MX_ADC2_Init	24	static
../Core/Src/main.c:325:13:MX_USART1_UART_Init	8	static
../Core/Src/main.c:338:13:MX_GPIO_Init	32	static
../Core/Src/main.c:357:6:Error_Handler	8	static
