../Core/Src/main.c:66:6:UART_Print	16	static
../Core/Src/main.c:73:5:main	16	static
../Core/Src/main.c:121:6:Auto_Calibrate_Surface_Pressure	16	static
../Core/Src/main.c:138:6:Read_Pressure_Sensor	8	static
../Core/Src/main.c:146:6:Read_Temperature_Sensor	8	static
../Core/Src/main.c:156:7:Calculate_Pressure_Pa	32	static
../Core/Src/main.c:170:7:Calculate_Temperature	24	static
../Core/Src/main.c:181:7:Calculate_Depth	24	static
../Core/Src/main.c:194:6:Send_Data_To_UART	176	static
../Core/Src/main.c:207:6:SystemClock_Config	88	static
../Core/Src/main.c:242:13:MX_ADC1_Init	24	static
../Core/Src/main.c:261:13:MX_ADC2_Init	24	static
../Core/Src/main.c:282:13:MX_USART1_UART_Init	8	static
../Core/Src/main.c:295:13:MX_GPIO_Init	32	static
../Core/Src/main.c:314:6:Error_Handler	8	static
